// Vitest Snapshot v1, https://vitest.dev/guide/snapshot.html

exports[`Footer > renders the Footer component 1`] = `
<div
  class="footer"
>
  <div
    class="footer__copyright-container"
  >
    <p>
      © 2018 - 2024 Dusk Network B.V. All Rights Reserved.
    </p>
     
    <p>
      Explorer v
      0.0.0
       (
      hash1234 2024-01-12
      )
    </p>
  </div>
   
  <div
    class="footer__explorers-links-container"
  >
    
    <a
      class="dusk-anchor dusk-anchor--off-surface footer__link"
      href="https://apps.dusk.network/explorer"
    >
      Mainnet
    </a>
    
    
    <a
      class="dusk-anchor dusk-anchor--off-surface footer__link"
      href="https://testnet.apps.dusk.network/explorer"
    >
      Testnet
    </a>
    
    
    <a
      class="dusk-anchor dusk-anchor--off-surface footer__link"
      href="https://devnet.apps.dusk.network/explorer"
    >
      Devnet
    </a>
    
  </div>
   
  <div
    class="footer__misc-links-container"
  >
    <a
      class="dusk-anchor dusk-anchor--off-surface footer__link"
      href="https://dusk.network/privacy-policy"
    >
      Privacy Policy
    </a>
     
    <a
      class="dusk-anchor dusk-anchor--off-surface footer__link"
      href="https://dusk.network/terms-of-use"
    >
      Terms of Use
    </a>
  </div>
   
  <a
    class="dusk-anchor dusk-anchor--on-surface footer__logo"
    href="https://dusk.network"
  >
    <picture>
      <img
        alt="Dusk Logo"
        sizes="(max-width:768px) 20px, 86px"
        src="/some-base-path/dusk_logo.svg"
      />
    </picture>
  </a>
</div>
`;
