// Vitest Snapshot v1, https://vitest.dev/guide/snapshot.html

exports[`Provisioners List > renders the \`ProvisionersList\` component 1`] = `
<dl
  class="detail-list provisioners-list"
>
  <dt
    class="details-list__term details-list__term--table"
  >
    <div
      class="details-list__term-layout"
    >
       
      Staking address
    </div>
  </dt>
   
  <dd
    class="details-list__definition details-list__definition--table"
  >
    <span
      class="provisioners-list__staking-address"
    >
      m6dy2gz3jC3ifLpZmdTaZbgcp...uSCne1ti5kgYeNHtW82FWtnpf
    </span>
  </dd>
   
  <dt
    class="details-list__term details-list__term--table"
  >
    <div
      class="details-list__term-layout"
    >
       
      Owner
    </div>
  </dt>
   
  <dd
    class="details-list__definition details-list__definition--table"
  >
    <span
      class="dusk-badge dusk-badge--variant-neutral"
      data-tooltip-id="provisioners-tooltip"
      data-tooltip-text="m6dy2gz3jC3ifLpZmdTaZbgcp...uSCne1ti5kgYeNHtW82FWtnpf"
    >
      Account
    </span>
  </dd>
   
  <dt
    class="details-list__term details-list__term--table"
  >
    <div
      class="details-list__term-layout"
    >
       
      Active Stake
    </div>
  </dt>
   
  <dd
    class="details-list__definition details-list__definition--table"
  >
    500,000
     DUSK
  </dd>
   
  <dt
    class="details-list__term details-list__term--table"
  >
    <div
      class="details-list__term-layout"
    >
       
      Inactive Stake
    </div>
  </dt>
   
  <dd
    class="details-list__definition details-list__definition--table"
  >
    0
     DUSK
  </dd>
   
  <dt
    class="details-list__term details-list__term--table"
  >
    <div
      class="details-list__term-layout"
    >
       
      Maturity At
    </div>
  </dt>
   
  <dd
    class="details-list__definition details-list__definition--table"
  >
    #
    0
  </dd>
   
  <dt
    class="details-list__term details-list__term--table"
  >
    <div
      class="details-list__term-layout"
    >
       
      Soft Slashes
    </div>
  </dt>
   
  <dd
    class="details-list__definition details-list__definition--table"
  >
    0
  </dd>
   
  <dt
    class="details-list__term details-list__term--table"
  >
    <div
      class="details-list__term-layout"
    >
       
      Hard Slashes
    </div>
  </dt>
   
  <dd
    class="details-list__definition details-list__definition--table"
  >
    0
  </dd>
   
  <dt
    class="details-list__term details-list__term--table"
  >
    <div
      class="details-list__term-layout"
    >
       
      accumulated reward
    </div>
  </dt>
   
  <dd
    class="details-list__definition details-list__definition--table"
  >
    7,121.257296087
     DUSK
  </dd>
</dl>
`;
