// Vitest Snapshot v1, https://vitest.dev/guide/snapshot.html

exports[`Provisioners List > renders the \`ProvisionersList\` component 1`] = `
<dl
  class="detail-list provisioners-list"
>
  <dt
    class="details-list__term details-list__term--table"
  >
    <div
      class="details-list__term-layout"
    >
       
      Staking address
    </div>
  </dt>
   
  <dd
    class="details-list__definition details-list__definition--table"
  >
    <span
      class="provisioners-list__staking-address"
    >
      m6dy2gz3jC3ifLpZmdTaZbgcp...uSCne1ti5kgYeNHtW82FWtnpf
    </span>
     
    <div
      class="dusk-copy-button"
    >
      <button
        aria-label="Copy Address"
        class="dusk-button dusk-button--type--button dusk-button--variant--secondary dusk-button--size--default dusk-icon-button dusk-copy-button"
        data-tooltip-id="main-tooltip"
        data-tooltip-text="Copy to clipboard"
        type="button"
      >
        <svg
          class="dusk-icon dusk-icon--size--default dusk-button__icon"
          role="graphics-symbol"
          viewBox="0 0 24 24"
        >
          <path
            d="M19,21H8V7H19M19,5H8A2,2 0 0,0 6,7V21A2,2 0 0,0 8,23H19A2,2 0 0,0 21,21V7A2,2 0 0,0 19,5M16,1H4A2,2 0 0,0 2,3V17H4V3H16V1Z"
          />
        </svg>
        
         
        
      </button>
    </div>
  </dd>
   
  <dt
    class="details-list__term details-list__term--table"
  >
    <div
      class="details-list__term-layout"
    >
       
      Owner
    </div>
  </dt>
   
  <dd
    class="details-list__definition details-list__definition--table"
  >
    <span
      class="dusk-badge dusk-badge--variant-neutral"
      data-tooltip-id="provisioners-tooltip"
      data-tooltip-text="m6dy2gz3jC3ifLpZmdTaZbgcp...uSCne1ti5kgYeNHtW82FWtnpf"
    >
      Account
    </span>
  </dd>
   
  <dt
    class="details-list__term details-list__term--table"
  >
    <div
      class="details-list__term-layout"
    >
       
      Active Stake
    </div>
  </dt>
   
  <dd
    class="details-list__definition details-list__definition--table"
  >
    500,000
     DUSK
  </dd>
   
  <dt
    class="details-list__term details-list__term--table"
  >
    <div
      class="details-list__term-layout"
    >
       
      Inactive Stake
    </div>
  </dt>
   
  <dd
    class="details-list__definition details-list__definition--table"
  >
    0
     DUSK
  </dd>
   
  <dt
    class="details-list__term details-list__term--table"
  >
    <div
      class="details-list__term-layout"
    >
       
      Maturity At
    </div>
  </dt>
   
  <dd
    class="details-list__definition details-list__definition--table"
  >
    #
    0
  </dd>
   
  <dt
    class="details-list__term details-list__term--table"
  >
    <div
      class="details-list__term-layout"
    >
       
      accumulated reward
    </div>
  </dt>
   
  <dd
    class="details-list__definition details-list__definition--table"
  >
    7,121.257296087
     DUSK
  </dd>
   
  <dt
    class="details-list__term details-list__term--table"
  >
    <div
      class="details-list__term-layout"
    >
       
      Soft Slashes
    </div>
  </dt>
   
  <dd
    class="details-list__definition details-list__definition--table"
  >
    0
  </dd>
   
  <dt
    class="details-list__term details-list__term--table"
  >
    <div
      class="details-list__term-layout"
    >
       
      Hard Slashes
    </div>
  </dt>
   
  <dd
    class="details-list__definition details-list__definition--table"
  >
    0
  </dd>
</dl>
`;
