// Vitest Snapshot v1, https://vitest.dev/guide/snapshot.html

exports[`Block > should render the Block page 1`] = `
<div>
  <section
    class="block s-vKBwXbsZSIaK"
  >
    <div
      class="block__details s-vKBwXbsZSIaK"
    >
      Block details
    </div>
     
    <div
      class="block__transactions s-vKBwXbsZSIaK"
    >
      Block transactions
    </div>
  </section>
  <!--&lt;+page&gt;-->
</div>
`;
