// Vitest Snapshot v1, https://vitest.dev/guide/snapshot.html

exports[`Block Details > should render the Block Details page, start polling the block data and stop the polling when unmounted 1`] = `
<div>
  <section
    class="block s-vKBwXbsZSIaK"
  >
    <div
      class="block__details s-vKBwXbsZSIaK"
    >
      <div
        class="dusk-card data-card block-details"
      >
        <header
          class="data-card__header"
          slot="header"
        >
          <h1
            class="data-card__header-title"
          >
            Block Details
          </h1>
           
          <button
            class="dusk-button dusk-button--type--button dusk-button--variant--tertiary dusk-button--size--normal"
            type="button"
          >
            <span
              class="dusk-button__text"
            >
              Back
            </span>
          </button>
          <!--&lt;Button&gt;-->
        </header>
         
        <p
          class="data-card__loading-notice"
        >
          Loading...
        </p>
        
         
      </div>
      
      <!--&lt;Card&gt;-->
      <!--&lt;DataCard&gt;-->
      <!--&lt;BlockDetails&gt;-->
    </div>
     
    <div
      class="block__transactions s-vKBwXbsZSIaK"
    >
      <div
        class="dusk-card data-card latest-transactions-card"
      >
        <header
          class="data-card__header"
          slot="header"
        >
          <h1
            class="data-card__header-title"
          >
            Transactions
          </h1>
           
        </header>
         
        <p
          class="data-card__loading-notice"
        >
          Loading...
        </p>
        
         
      </div>
      
      <!--&lt;Card&gt;-->
      <!--&lt;DataCard&gt;-->
      <!--&lt;LatestTransactionsCard&gt;-->
    </div>
  </section>
  <!--&lt;+page&gt;-->
</div>
`;
