// Vitest Snapshot v1, https://vitest.dev/guide/snapshot.html

exports[`Transaction Details > should render the Transaction details page, start polling the transaction data and stop the polling when unmounted 1`] = `
<div>
  <section
    class="transaction"
  >
    <div
      class="dusk-card data-card transaction-details"
    >
      <header
        class="data-card__header"
        slot="header"
      >
        <h1
          class="data-card__header-title"
        >
          Transaction Details
        </h1>
         
        <button
          class="dusk-button dusk-button--type--button dusk-button--variant--tertiary dusk-button--size--normal"
          type="button"
        >
          <span
            class="dusk-button__text"
          >
            Back
          </span>
        </button>
        <!--&lt;Button&gt;-->
      </header>
       
      <p
        class="data-card__loading-notice"
      >
        Loading...
      </p>
      
       
    </div>
    
    <!--&lt;Card&gt;-->
    <!--&lt;DataCard&gt;-->
    <!--&lt;TransactionDetails&gt;-->
  </section>
  <!--&lt;+page&gt;-->
</div>
`;
