// Vitest Snapshot v1, https://vitest.dev/guide/snapshot.html

exports[`Dashboard > should render the transactions page 1`] = `
<div
  class="transactions svelte-1dmjkox"
>
  <h2
    class="sr-only"
  >
    Transactions
  </h2>
   
  <article
    class="transactions svelte-mwi4ip"
  >
    <header
      class="transactions__header svelte-mwi4ip"
    >
      <h3
        class="h4"
      >
        Transactions
      </h3>
       
      <a
        aria-disabled="false"
        class="dusk-anchor dusk-anchor--on-surface dusk-anchor-button dusk-anchor-button--variant--tertiary dusk-anchor-button--size--default dusk-icon-button--labeled transactions__footer-button"
        href="/some-base-path/dashboard"
      >
        <svg
          class="dusk-icon dusk-icon--size--default dusk-anchor-button__icon"
          role="graphics-symbol"
          viewBox="0 0 24 24"
        >
          <path
            d="M20,11V13H8L13.5,18.5L12.08,19.92L4.16,12L12.08,4.08L13.5,5.5L8,11H20Z"
          />
        </svg>
        
         
        <span
          class="dusk-anchor-button__text"
        >
          Back
        </span>
        
        
      </a>
    </header>
     
    <div
      class="dusk-suspense transactions-list__container"
    >
      <dl
        class="transactions-list"
      >
        <dt
          class="transactions-list__term"
        >
          Hash
        </dt>
        <dd
          class="transactions-list__datum transactions-list__datum--hash"
        >
          <samp>
            <a
              class="dusk-anchor dusk-anchor--on-surface"
              href="/explorer/transactions/transaction?id=tg874534tddsghdtst54hdfh795h"
              rel="noopener noreferrer"
              target="_blank"
            >
              tg874534tddsghdtst54hdfh795h
            </a>
          </samp>
           
        </dd>
        <dt
          class="transactions-list__term"
        >
          Type
        </dt>
        <dd
          class="transactions-list__datum"
        >
          <span
            class="dusk-badge dusk-badge--variant-neutral transactions-list__badge"
          >
            STAKE
          </span>
           
        </dd>
        <dt
          class="transactions-list__term"
        >
          Block
        </dt>
        <dd
          class="transactions-list__datum"
        >
          33,460
           
        </dd>
        <dt
          class="transactions-list__term"
        >
          Amount
        </dt>
        <dd
          class="transactions-list__datum"
        >
          +27,000.00
           
          <span
            class="transactions-list__ticker"
          >
            Dusk
          </span>
           
        </dd>
        <dt
          class="transactions-list__term"
        >
          Fee
        </dt>
        <dd
          class="transactions-list__datum"
        >
          1,876.00
           
          <span
            class="transactions-list__ticker"
          >
            Dusk
          </span>
           
        </dd>
      </dl>
      <dl
        class="transactions-list"
      >
        <dt
          class="transactions-list__term"
        >
          Hash
        </dt>
        <dd
          class="transactions-list__datum transactions-list__datum--hash"
        >
          <samp>
            <a
              class="dusk-anchor dusk-anchor--on-surface"
              href="/explorer/transactions/transaction?id=tg874534tddsghdtst54hdfh794h"
              rel="noopener noreferrer"
              target="_blank"
            >
              tg874534tddsghdtst54hdfh794h
            </a>
          </samp>
           
        </dd>
        <dt
          class="transactions-list__term"
        >
          Type
        </dt>
        <dd
          class="transactions-list__datum"
        >
          <span
            class="dusk-badge dusk-badge--variant-neutral transactions-list__badge"
          >
            TRANSFER
          </span>
           
        </dd>
        <dt
          class="transactions-list__term"
        >
          Block
        </dt>
        <dd
          class="transactions-list__datum"
        >
          33,459
           
        </dd>
        <dt
          class="transactions-list__term"
        >
          Amount
        </dt>
        <dd
          class="transactions-list__datum"
        >
          -25,000.00
           
          <span
            class="transactions-list__ticker"
          >
            Dusk
          </span>
           
        </dd>
      </dl>
      <dl
        class="transactions-list"
      >
        <dt
          class="transactions-list__term"
        >
          Hash
        </dt>
        <dd
          class="transactions-list__datum transactions-list__datum--hash"
        >
          <samp>
            <a
              class="dusk-anchor dusk-anchor--on-surface"
              href="/explorer/transactions/transaction?id=tg874534tddsghdtst54hdfh793h"
              rel="noopener noreferrer"
              target="_blank"
            >
              tg874534tddsghdtst54hdfh793h
            </a>
          </samp>
           
        </dd>
        <dt
          class="transactions-list__term"
        >
          Type
        </dt>
        <dd
          class="transactions-list__datum"
        >
          <span
            class="dusk-badge dusk-badge--variant-neutral transactions-list__badge"
          >
            TRANSFER
          </span>
           
        </dd>
        <dt
          class="transactions-list__term"
        >
          Block
        </dt>
        <dd
          class="transactions-list__datum"
        >
          33,458
           
        </dd>
        <dt
          class="transactions-list__term"
        >
          Amount
        </dt>
        <dd
          class="transactions-list__datum"
        >
          +25,000.00
           
          <span
            class="transactions-list__ticker"
          >
            Dusk
          </span>
           
        </dd>
      </dl>
      <dl
        class="transactions-list"
      >
        <dt
          class="transactions-list__term"
        >
          Hash
        </dt>
        <dd
          class="transactions-list__datum transactions-list__datum--hash"
        >
          <samp>
            <a
              class="dusk-anchor dusk-anchor--on-surface"
              href="/explorer/transactions/transaction?id=tg874534tddsghdtst54hdfh792h"
              rel="noopener noreferrer"
              target="_blank"
            >
              tg874534tddsghdtst54hdfh792h
            </a>
          </samp>
           
        </dd>
        <dt
          class="transactions-list__term"
        >
          Type
        </dt>
        <dd
          class="transactions-list__datum"
        >
          <span
            class="dusk-badge dusk-badge--variant-neutral transactions-list__badge"
          >
            TRANSFER
          </span>
           
        </dd>
        <dt
          class="transactions-list__term"
        >
          Block
        </dt>
        <dd
          class="transactions-list__datum"
        >
          33,457
           
        </dd>
        <dt
          class="transactions-list__term"
        >
          Amount
        </dt>
        <dd
          class="transactions-list__datum"
        >
          -25,000.00
           
          <span
            class="transactions-list__ticker"
          >
            Dusk
          </span>
           
        </dd>
        <dt
          class="transactions-list__term"
        >
          Fee
        </dt>
        <dd
          class="transactions-list__datum"
        >
          1,876.00
           
          <span
            class="transactions-list__ticker"
          >
            Dusk
          </span>
           
        </dd>
      </dl>
      <dl
        class="transactions-list"
      >
        <dt
          class="transactions-list__term"
        >
          Hash
        </dt>
        <dd
          class="transactions-list__datum transactions-list__datum--hash"
        >
          <samp>
            <a
              class="dusk-anchor dusk-anchor--on-surface"
              href="/explorer/transactions/transaction?id=tg874534tddsghdtst54hdfh791h"
              rel="noopener noreferrer"
              target="_blank"
            >
              tg874534tddsghdtst54hdfh791h
            </a>
          </samp>
           
        </dd>
        <dt
          class="transactions-list__term"
        >
          Type
        </dt>
        <dd
          class="transactions-list__datum"
        >
          <span
            class="dusk-badge dusk-badge--variant-neutral transactions-list__badge"
          >
            TRANSFER
          </span>
           
        </dd>
        <dt
          class="transactions-list__term"
        >
          Block
        </dt>
        <dd
          class="transactions-list__datum"
        >
          33,456
           
        </dd>
        <dt
          class="transactions-list__term"
        >
          Amount
        </dt>
        <dd
          class="transactions-list__datum"
        >
          -25,000.00
           
          <span
            class="transactions-list__ticker"
          >
            Dusk
          </span>
           
        </dd>
      </dl>
      <dl
        class="transactions-list"
      >
        <dt
          class="transactions-list__term"
        >
          Hash
        </dt>
        <dd
          class="transactions-list__datum transactions-list__datum--hash"
        >
          <samp>
            <a
              class="dusk-anchor dusk-anchor--on-surface"
              href="/explorer/transactions/transaction?id=tg874534tddsghdtst54hdfh790h"
              rel="noopener noreferrer"
              target="_blank"
            >
              tg874534tddsghdtst54hdfh790h
            </a>
          </samp>
           
        </dd>
        <dt
          class="transactions-list__term"
        >
          Type
        </dt>
        <dd
          class="transactions-list__datum"
        >
          <span
            class="dusk-badge dusk-badge--variant-neutral transactions-list__badge"
          >
            STAKE
          </span>
           
        </dd>
        <dt
          class="transactions-list__term"
        >
          Block
        </dt>
        <dd
          class="transactions-list__datum"
        >
          33,455
           
        </dd>
        <dt
          class="transactions-list__term"
        >
          Amount
        </dt>
        <dd
          class="transactions-list__datum"
        >
          +25,000.00
           
          <span
            class="transactions-list__ticker"
          >
            Dusk
          </span>
           
        </dd>
      </dl>
      
      
    </div>
  </article>
</div>
`;
