// Vitest Snapshot v1, https://vitest.dev/guide/snapshot.html

exports[`Dashboard > should render the transactions page 1`] = `
<div
  class="transactions svelte-1dmjkox"
>
  <h2
    class="sr-only"
  >
    Transactions
  </h2>
   
  <article
    class="transactions svelte-mwi4ip"
  >
    <header
      class="transactions__header svelte-mwi4ip"
    >
      <h3
        class="h4"
      >
        Transactions
      </h3>
       
      <a
        aria-disabled="false"
        class="dusk-anchor dusk-anchor--on-surface dusk-anchor-button dusk-anchor-button--variant--tertiary dusk-anchor-button--size--default dusk-icon-button--labeled transactions__footer-button"
        href="/some-base-path/dashboard"
      >
        <svg
          class="dusk-icon dusk-icon--size--default dusk-anchor-button__icon"
          role="graphics-symbol"
          viewBox="0 0 24 24"
        >
          <path
            d="M20,11V13H8L13.5,18.5L12.08,19.92L4.16,12L12.08,4.08L13.5,5.5L8,11H20Z"
          />
        </svg>
        
         
        <span
          class="dusk-anchor-button__text"
        >
          Back
        </span>
        
        
      </a>
    </header>
     
    <div
      class="dusk-suspense transactions-list__container"
    >
      <details
        class="dusk-error-details dusk-error-details__details dusk-suspense__error"
      >
        <summary
          class="dusk-error-details__summary"
        >
          Error getting transactions
        </summary>
         
        <pre
          class="dusk-error-details__error"
        >
          			
          No wallet instance to sync
          
		
        </pre>
      </details>
      
       
       
    </div>
  </article>
</div>
`;
