// Vitest Snapshot v1, https://vitest.dev/guide/snapshot.html

exports[`Main layout > should render the main layout 1`] = `
<div>
  <main
    class="app svelte-3y7xzm"
  >
    <h1
      class="sr-only"
    >
      Dusk Web Wallet
    </h1>
     
  </main>
   
   
  <div
    aria-hidden="true"
    class="dusk-tooltip dusk-tooltip-top dusk-tooltip-info"
    id="main-tooltip"
    role="tooltip"
    style="left: 0px; top: 0px;"
  >
    
  </div>
   
  <ul
    class="dusk-toast"
  />
</div>
`;
