// Vitest Snapshot v1, https://vitest.dev/guide/snapshot.html

exports[`GasControls > should render the \`GasControls\` component 1`] = `
<body>
  <label
    class="gas-control svelte-1p4ekyk"
  >
    <span
      class="gas-control__label svelte-1p4ekyk"
    >
      Price (lux):
    </span>
     
    <input
      class="dusk-textbox dusk-textbox-text gas-control__input"
      inputmode="numeric"
      pattern="\\d+"
      required=""
      type="text"
    />
    
  </label>
   
  <label
    class="gas-control svelte-1p4ekyk"
  >
    <span
      class="gas-control__label svelte-1p4ekyk"
    >
      Gas Limit (unit):
    </span>
     
    <input
      class="dusk-textbox dusk-textbox-text gas-control__input"
      inputmode="numeric"
      pattern="\\d+"
      required=""
      type="text"
    />
    
  </label>
</body>
`;
